1. Read the total, add in Python, write the sum back
  A: SELECT total FROM counter WHERE id = 1  -> 0
  B: SELECT total FROM counter WHERE id = 1  -> 0
  A: UPDATE counter SET total = 5 WHERE id = 1
  B: UPDATE counter SET total = 10 WHERE id = 1
  the total is 10, not 15

2. Let the database do the addition, in one statement
  A: UPDATE counter SET total = total + 5 WHERE id = 1
  B: UPDATE counter SET total = total + 10 WHERE id = 1
  the total is 15

3. Read and write inside a transaction
  A: BEGIN
  A: SELECT total FROM counter WHERE id = 1  -> 0
  B: BEGIN
  B: SELECT total FROM counter WHERE id = 1  -> 0
  A: UPDATE counter SET total = 5 WHERE id = 1
  B: UPDATE counter SET total = 10 WHERE id = 1  -> refused: database is locked (SQLITE_BUSY)
  B: ROLLBACK
  A: COMMIT
  B starts again, from the beginning:
  B: BEGIN
  B: SELECT total FROM counter WHERE id = 1  -> 5
  B: UPDATE counter SET total = 15 WHERE id = 1
  B: COMMIT
  the total is 15

4. Take the write lock before reading: BEGIN IMMEDIATE
  A: BEGIN IMMEDIATE
  A: SELECT total FROM counter WHERE id = 1  -> 0
  B: BEGIN IMMEDIATE  -> refused: database is locked (SQLITE_BUSY)
  A: UPDATE counter SET total = 5 WHERE id = 1
  A: COMMIT
  B: BEGIN IMMEDIATE
  B: SELECT total FROM counter WHERE id = 1  -> 5
  B: UPDATE counter SET total = 15 WHERE id = 1
  B: COMMIT
  the total is 15

5. Write only if nobody has written since the read: a version column
  A: SELECT total, version FROM counter WHERE id = 1  -> 0, 0
  B: SELECT total, version FROM counter WHERE id = 1  -> 0, 0
  A: UPDATE counter SET total = 5, version = 1 WHERE id = 1 AND version = 0  -> 1 row(s) changed
  B: UPDATE counter SET total = 10, version = 1 WHERE id = 1 AND version = 0  -> 0 row(s) changed
  B changed nothing, so B reads again and retries:
  B: SELECT total, version FROM counter WHERE id = 1  -> 5, 1
  B: UPDATE counter SET total = 15, version = 2 WHERE id = 1 AND version = 1  -> 1 row(s) changed
  the total is 15
